******************************************************************************
                  TI ARM Linker PC v18.12.5                    
******************************************************************************
>> Linked Fri Jun 19 17:15:25 2026

OUTPUT FILE NAME:   <project13_boardFW.out>
ENTRY POINT SYMBOL: "ResetISR"  address: 0000c641


MEMORY CONFIGURATION

         name            origin    length      used     unused   attr    fill
----------------------  --------  ---------  --------  --------  ----  --------
  FLASH                 00000000   0001f000  00011a59  0000d5a7  R  X
  FLASH_LAST_PAGE       0001f000   00001000  00000058  00000fa8  R  X
  SRAM                  20000000   00004400  00002555  00001eab  RW X


SEGMENT ALLOCATION MAP

run origin  load origin   length   init length attrs members
----------  ----------- ---------- ----------- ----- -------
00000000    00000000    00010a64   00010a64    r-x
  00000000    00000000    0000003c   0000003c    r-- .resetVecs
  0000003c    0000003c    00000fc4   00000fc4    r-x .text.1
  00001000    00001000    00000028   00000028    r-- .const:ti_sysbios_heaps_HeapMem_Module__FXNS__C
  00001028    00001028    00000024   00000024    r-- .const:ti_sysbios_gates_GateHwi_Module__FXNS__C
  0000104c    0000104c    00000024   00000024    r-- .const:ti_sysbios_gates_GateMutex_Module__FXNS__C
  00001070    00001070    00000020   00000020    r-- .const:ti_sysbios_family_arm_m3_Hwi_Object__DESC__C
  00001090    00001090    00000020   00000020    r-- .const:ti_sysbios_gates_GateHwi_Object__DESC__C
  000010b0    000010b0    00000020   00000020    r-- .const:ti_sysbios_gates_GateMutex_Object__DESC__C
  000010d0    000010d0    00000020   00000020    r-- .const:ti_sysbios_hal_Hwi_Object__DESC__C
  000010f0    000010f0    00000020   00000020    r-- .const:ti_sysbios_heaps_HeapMem_Object__DESC__C
  00001110    00001110    00000020   00000020    r-- .const:ti_sysbios_knl_Clock_Object__DESC__C
  00001130    00001130    00000020   00000020    r-- .const:ti_sysbios_knl_Event_Object__DESC__C
  00001150    00001150    00000020   00000020    r-- .const:ti_sysbios_knl_Mailbox_Object__DESC__C
  00001170    00001170    00000020   00000020    r-- .const:ti_sysbios_knl_Queue_Object__DESC__C
  00001190    00001190    00000020   00000020    r-- .const:ti_sysbios_knl_Semaphore_Object__DESC__C
  000011b0    000011b0    00000020   00000020    r-- .const:ti_sysbios_knl_Swi_Object__DESC__C
  000011d0    000011d0    00000020   00000020    r-- .const:ti_sysbios_knl_Task_Object__DESC__C
  000011f0    000011f0    00000008   00000008    r-- .const:ti_sysbios_knl_Idle_funcList__C
  000011f8    000011f8    00000004   00000004    r-- .const:ti_sysbios_family_arm_cc26xx_Timer_startupNeeded__C
  000011fc    000011fc    00000004   00000004    r-- .const:ti_sysbios_family_arm_m3_Hwi_E_alreadyDefined__C
  00001200    00001200    00000004   00000004    r-- .const:ti_sysbios_family_arm_m3_Hwi_E_hwiLimitExceeded__C
  00001204    00001204    00000004   00000004    r-- .const:ti_sysbios_family_arm_m3_Hwi_NUM_INTERRUPTS__C
  00001208    00001208    00000004   00000004    r-- .const:ti_sysbios_family_arm_m3_Hwi_Object__count__C
  0000120c    0000120c    00000004   00000004    r-- .const:ti_sysbios_family_arm_m3_Hwi_Object__table__C
  00001210    00001210    00000004   00000004    r-- .const:ti_sysbios_family_arm_m3_Hwi_ccr__C
  00001214    00001214    00000004   00000004    r-- .const:ti_sysbios_family_arm_m3_Hwi_excHandlerFunc__C
  00001218    00001218    00000004   00000004    r-- .const:ti_sysbios_family_arm_m3_Hwi_nullIsrFunc__C
  0000121c    0000121c    00000004   00000004    r-- .const:ti_sysbios_family_arm_m3_Hwi_numSparseInterrupts__C
  00001220    00001220    00000004   00000004    r-- .const:ti_sysbios_family_arm_m3_Hwi_priGroup__C
  00001224    00001224    00000004   00000004    r-- .const:ti_sysbios_family_arm_m3_TaskSupport_stackAlignment__C
  00001228    00001228    00000004   00000004    r-- .const:ti_sysbios_heaps_HeapMem_E_memory__C
  0000122c    0000122c    00000004   00000004    r-- .const:ti_sysbios_heaps_HeapMem_Module__gateObj__C
  00001230    00001230    00000004   00000004    r-- .const:ti_sysbios_heaps_HeapMem_Object__count__C
  00001234    00001234    00000004   00000004    r-- .const:ti_sysbios_heaps_HeapMem_Object__table__C
  00001238    00001238    00000004   00000004    r-- .const:ti_sysbios_heaps_HeapMem_reqAlign__C
  0000123c    0000123c    00000004   00000004    r-- .const:ti_sysbios_knl_Clock_triggerClock__C
  00001240    00001240    00000004   00000004    r-- .const:ti_sysbios_knl_Mailbox_Object__count__C
  00001244    00001244    00000004   00000004    r-- .const:ti_sysbios_knl_Mailbox_Object__table__C
  00001248    00001248    00000004   00000004    r-- .const:ti_sysbios_knl_Mailbox_maxTypeAlign__C
  0000124c    0000124c    00000004   00000004    r-- .const:ti_sysbios_knl_Queue_Object__count__C
  00001250    00001250    00000004   00000004    r-- .const:ti_sysbios_knl_Queue_Object__table__C
  00001254    00001254    00000004   00000004    r-- .const:ti_sysbios_knl_Semaphore_eventPost__C
  00001258    00001258    00000004   00000004    r-- .const:ti_sysbios_knl_Semaphore_eventSync__C
  0000125c    0000125c    00000004   00000004    r-- .const:ti_sysbios_knl_Swi_Object__count__C
  00001260    00001260    00000004   00000004    r-- .const:ti_sysbios_knl_Swi_Object__table__C
  00001264    00001264    00000004   00000004    r-- .const:ti_sysbios_knl_Swi_numPriorities__C
  00001268    00001268    00000004   00000004    r-- .const:ti_sysbios_knl_Task_Object__count__C
  0000126c    0000126c    00000004   00000004    r-- .const:ti_sysbios_knl_Task_Object__table__C
  00001270    00001270    00000004   00000004    r-- .const:ti_sysbios_knl_Task_allBlockedFunc__C
  00001274    00001274    00000004   00000004    r-- .const:ti_sysbios_knl_Task_defaultStackHeap__C
  00001278    00001278    00000004   00000004    r-- .const:ti_sysbios_knl_Task_defaultStackSize__C
  0000127c    0000127c    00000004   00000004    r-- .const:ti_sysbios_knl_Task_numConstructedTasks__C
  00001280    00001280    00000002   00000002    r-- .const:ti_sysbios_family_arm_cc26xx_Timer_Module__id__C
  00001282    00001282    00000002   00000002    r-- .const:ti_sysbios_family_arm_cc26xx_TimestampProvider_useClockTimer__C
  00001284    00001284    00000002   00000002    r-- .const:ti_sysbios_family_arm_m3_Hwi_Module__id__C
  00001286    00001286    00000002   00000002    r-- .const:ti_sysbios_gates_GateHwi_Module__id__C
  00001288    00001288    00000002   00000002    r-- .const:ti_sysbios_gates_GateMutex_Module__id__C
  0000128a    0000128a    00000002   00000002    r-- .const:ti_sysbios_heaps_HeapMem_Module__id__C
  0000128c    0000128c    00000002   00000002    r-- .const:ti_sysbios_knl_Task_initStackFlag__C
  0000128e    0000128e    00000001   00000001    r-- .const:ti_sysbios_knl_Clock_tickMode__C
  00001290    00001290    00000008   00000008    r-- .const:xdc_runtime_Startup_firstFxns__C
  00001298    00001298    00000008   00000008    r-- .const:xdc_runtime_Startup_lastFxns__C
  000012a0    000012a0    00000004   00000004    r-- .const:xdc_runtime_Assert_E_assertFailed__C
  000012a4    000012a4    00000004   00000004    r-- .const:xdc_runtime_Error_E_memory__C
  000012a8    000012a8    00000004   00000004    r-- .const:xdc_runtime_Error_policyFxn__C
  000012ac    000012ac    00000004   00000004    r-- .const:xdc_runtime_Error_raiseHook__C
  000012b0    000012b0    00000004   00000004    r-- .const:xdc_runtime_IGateProvider_Interface__BASE__C
  000012b4    000012b4    00000004   00000004    r-- .const:xdc_runtime_IHeap_Interface__BASE__C
  000012b8    000012b8    00000004   00000004    r-- .const:xdc_runtime_IModule_Interface__BASE__C
  000012bc    000012bc    00000004   00000004    r-- .const:xdc_runtime_Memory_defaultHeapInstance__C
  000012c0    000012c0    00000004   00000004    r-- .const:xdc_runtime_Startup_execImpl__C
  000012c4    000012c4    00000004   00000004    r-- .const:xdc_runtime_Startup_maxPasses__C
  000012c8    000012c8    00000004   00000004    r-- .const:xdc_runtime_Startup_sfxnRts__C
  000012cc    000012cc    00000004   00000004    r-- .const:xdc_runtime_Startup_sfxnTab__C
  000012d0    000012d0    00000004   00000004    r-- .const:xdc_runtime_Startup_startModsFxn__C
  000012d4    000012d4    00000004   00000004    r-- .const:xdc_runtime_SysCallback_abortFxn__C
  000012d8    000012d8    00000004   00000004    r-- .const:xdc_runtime_SysCallback_exitFxn__C
  000012dc    000012dc    00000004   00000004    r-- .const:xdc_runtime_System_abortFxn__C
  000012e0    000012e0    00000004   00000004    r-- .const:xdc_runtime_System_exitFxn__C
  000012e4    000012e4    00000004   00000004    r-- .const:xdc_runtime_System_maxAtexitHandlers__C
  000012e8    000012e8    00000004   00000004    r-- .const:xdc_runtime_Text_charTab__C
  000012ec    000012ec    00000004   00000004    r-- .const:xdc_runtime_Text_nameEmpty__C
  000012f0    000012f0    00000004   00000004    r-- .const:xdc_runtime_Text_nameStatic__C
  000012f4    000012f4    00000004   00000004    r-- .const:xdc_runtime_Text_nameUnknown__C
  000012f8    000012f8    00000002   00000002    r-- .const:xdc_runtime_Error_maxDepth__C
  000012fa    000012fa    00000002   00000002    r-- .const:xdc_runtime_Memory_Module__id__C
  000012fc    000012fc    00000002   00000002    r-- .const:xdc_runtime_Text_charCnt__C
  000012fe    000012fe    00000002   00000002    r-- .const:xdc_runtime_Text_isLoaded__C
  00001300    00001300    00000001   00000001    r-- .const:xdc_runtime_Error_policy__C
  00001304    00001304    00000004   00000004    r-- .const:ti_sysbios_rom_ROM_ti_sysbios_family_arm_cc26xx_Timer_getCount64__E
  00001308    00001308    00000004   00000004    r-- .const:ti_sysbios_rom_ROM_ti_sysbios_family_arm_cc26xx_Timer_getCurrentTick__E
  0000130c    0000130c    00000004   00000004    r-- .const:ti_sysbios_rom_ROM_ti_sysbios_family_arm_cc26xx_Timer_getMaxTicks__E
  00001310    00001310    00000004   00000004    r-- .const:ti_sysbios_rom_ROM_ti_sysbios_family_arm_cc26xx_Timer_initDevice__I
  00001314    00001314    00000004   00000004    r-- .const:ti_sysbios_rom_ROM_ti_sysbios_family_arm_cc26xx_Timer_setNextTick__E
  00001318    00001318    00000004   00000004    r-- .const:ti_sysbios_rom_ROM_ti_sysbios_family_arm_cc26xx_Timer_setThreshold__I
  0000131c    0000131c    00000004   00000004    r-- .const:ti_sysbios_rom_ROM_ti_sysbios_family_arm_cc26xx_Timer_start__E
  00001320    00001320    00000004   00000004    r-- .const:ti_sysbios_rom_ROM_ti_sysbios_family_arm_cc26xx_TimestampProvider_get32__E
  00001324    00001324    00000004   00000004    r-- .const:ti_sysbios_rom_ROM_xdc_runtime_Startup_getState__I
  00001328    00001328    00000004   00000004    r-- .const:ti_sysbios_rom_ROM_xdc_runtime_System_SupportProxy_abort__E
  0000132c    0000132c    00000004   00000004    r-- .const:ti_sysbios_rom_ROM_xdc_runtime_System_SupportProxy_exit__E
  00001330    00001330    0000e158   0000e158    r-x .text.2
  0000f488    0000f488    00000fe5   00000fe5    r-- .const
  00010470    00010470    000000a4   000000a4    r-- .rodata
  00010518    00010518    0000054c   0000054c    r-- .cinit
0001e000    0001e000    00001000   00001000    r--
  0001e000    0001e000    00001000   00001000    r-- .snvSectors
0001ffa8    0001ffa8    00000058   00000058    r--
  0001ffa8    0001ffa8    00000058   00000058    r-- .ccfg
20000100    20000100    0000208f   00000000    rw-
  20000100    20000100    00000044   00000000    rw- .data:ti_sysbios_knl_Task_Module__state__V
  20000144    20000144    00000034   00000000    rw- .data:ti_sysbios_family_arm_m3_Hwi_Module__state__V
  20000178    20000178    0000002c   00000000    rw- .data:ti_sysbios_knl_Clock_Module__state__V
  200001a4    200001a4    00000024   00000000    rw- .data:ti_sysbios_BIOS_Module__state__V
  200001c8    200001c8    0000001c   00000000    rw- .data:ti_sysbios_knl_Swi_Module__state__V
  200001e4    200001e4    00000008   00000000    rw- .data:ti_sysbios_family_arm_cc26xx_Timer_Module__state__V
  200001ec    200001ec    00000004   00000000    rw- .data:ti_sysbios_family_arm_cc26xx_TimestampProvider_Module__state__V
  200001f0    200001f0    00000008   00000000    rw- .data:xdc_runtime_Startup_Module__state__V
  200001f8    200001f8    00000008   00000000    rw- .data:xdc_runtime_System_Module__state__V
  20000200    20000200    00000004   00000000    rw- .data:xdc_runtime_Memory_Module__state__V
  20000204    20000204    00000002   00000000    rw- .data:xdc_runtime_Error_Module__state__V
  20000208    20000208    000015fa   00000000    rw- .data
  20001808    20001808    00000987   00000000    rw- .bss
20004000    20004000    00000400   00000000    rw-
  20004000    20004000    00000400   00000000    rw- .stack


SECTION ALLOCATION MAP

 output                                  attributes/
section   page    origin      length       input sections
--------  ----  ----------  ----------   ----------------
.const:ti_sysbios_heaps_HeapMem_Module__FXNS__C 
*          0    00001000    00000028     
                  00001000    00000028     app_ble_pem3.oem3 (.const:ti_sysbios_heaps_HeapMem_Module__FXNS__C)

.const:ti_sysbios_gates_GateHwi_Module__FXNS__C 
*          0    00001028    00000024     
                  00001028    00000024     app_ble_pem3.oem3 (.const:ti_sysbios_gates_GateHwi_Module__FXNS__C)

.const:ti_sysbios_gates_GateMutex_Module__FXNS__C 
*          0    0000104c    00000024     
                  0000104c    00000024     app_ble_pem3.oem3 (.const:ti_sysbios_gates_GateMutex_Module__FXNS__C)

.const:ti_sysbios_family_arm_m3_Hwi_Object__DESC__C 
*          0    00001070    00000020     
                  00001070    00000020     app_ble_pem3.oem3 (.const:ti_sysbios_family_arm_m3_Hwi_Object__DESC__C)

.const:ti_sysbios_gates_GateHwi_Object__DESC__C 
*          0    00001090    00000020     
                  00001090    00000020     app_ble_pem3.oem3 (.const:ti_sysbios_gates_GateHwi_Object__DESC__C)

.const:ti_sysbios_gates_GateMutex_Object__DESC__C 
*          0    000010b0    00000020     
                  000010b0    00000020     app_ble_pem3.oem3 (.const:ti_sysbios_gates_GateMutex_Object__DESC__C)

.const:ti_sysbios_hal_Hwi_Object__DESC__C 
*          0    000010d0    00000020     
                  000010d0    00000020     app_ble_pem3.oem3 (.const:ti_sysbios_hal_Hwi_Object__DESC__C)

.const:ti_sysbios_heaps_HeapMem_Object__DESC__C 
*          0    000010f0    00000020     
                  000010f0    00000020     app_ble_pem3.oem3 (.const:ti_sysbios_heaps_HeapMem_Object__DESC__C)

.const:ti_sysbios_knl_Clock_Object__DESC__C 
*          0    00001110    00000020     
                  00001110    00000020     app_ble_pem3.oem3 (.const:ti_sysbios_knl_Clock_Object__DESC__C)

.const:ti_sysbios_knl_Event_Object__DESC__C 
*          0    00001130    00000020     
                  00001130    00000020     app_ble_pem3.oem3 (.const:ti_sysbios_knl_Event_Object__DESC__C)

.const:ti_sysbios_knl_Mailbox_Object__DESC__C 
*          0    00001150    00000020     
                  00001150    00000020     app_ble_pem3.oem3 (.const:ti_sysbios_knl_Mailbox_Object__DESC__C)

.const:ti_sysbios_knl_Queue_Object__DESC__C 
*          0    00001170    00000020     
                  00001170    00000020     app_ble_pem3.oem3 (.const:ti_sysbios_knl_Queue_Object__DESC__C)

.const:ti_sysbios_knl_Semaphore_Object__DESC__C 
*          0    00001190    00000020     
                  00001190    00000020     app_ble_pem3.oem3 (.const:ti_sysbios_knl_Semaphore_Object__DESC__C)

.const:ti_sysbios_knl_Swi_Object__DESC__C 
*          0    000011b0    00000020     
                  000011b0    00000020     app_ble_pem3.oem3 (.const:ti_sysbios_knl_Swi_Object__DESC__C)

.const:ti_sysbios_knl_Task_Object__DESC__C 
*          0    000011d0    00000020     
                  000011d0    00000020     app_ble_pem3.oem3 (.const:ti_sysbios_knl_Task_Object__DESC__C)

.const:ti_sysbios_knl_Idle_funcList__C 
*          0    000011f0    00000008     
                  000011f0    00000008     app_ble_pem3.oem3 (.const:ti_sysbios_knl_Idle_funcList__C)

.const:ti_sysbios_family_arm_cc26xx_Timer_startupNeeded__C 
*          0    000011f8    00000004     
                  000011f8    00000004     app_ble_pem3.oem3 (.const:ti_sysbios_family_arm_cc26xx_Timer_startupNeeded__C)

.const:ti_sysbios_family_arm_m3_Hwi_E_alreadyDefined__C 
*          0    000011fc    00000004     
                  000011fc    00000004     app_ble_pem3.oem3 (.const:ti_sysbios_family_arm_m3_Hwi_E_alreadyDefined__C)

.const:ti_sysbios_family_arm_m3_Hwi_E_hwiLimitExceeded__C 
*          0    00001200    00000004     
                  00001200    00000004     app_ble_pem3.oem3 (.const:ti_sysbios_family_arm_m3_Hwi_E_hwiLimitExceeded__C)

.const:ti_sysbios_family_arm_m3_Hwi_NUM_INTERRUPTS__C 
*          0    00001204    00000004     
                  00001204    00000004     app_ble_pem3.oem3 (.const:ti_sysbios_family_arm_m3_Hwi_NUM_INTERRUPTS__C)

.const:ti_sysbios_family_arm_m3_Hwi_Object__count__C 
*          0    00001208    00000004     
                  00001208    00000004     app_ble_pem3.oem3 (.const:ti_sysbios_family_arm_m3_Hwi_Object__count__C)

.const:ti_sysbios_family_arm_m3_Hwi_Object__table__C 
*          0    0000120c    00000004     
                  0000120c    00000004     app_ble_pem3.oem3 (.const:ti_sysbios_family_arm_m3_Hwi_Object__table__C)

.const:ti_sysbios_family_arm_m3_Hwi_ccr__C 
*          0    00001210    00000004     
                  00001210    00000004     app_ble_pem3.oem3 (.const:ti_sysbios_family_arm_m3_Hwi_ccr__C)

.const:ti_sysbios_family_arm_m3_Hwi_excHandlerFunc__C 
*          0    00001214    00000004     
                  00001214    00000004     app_ble_pem3.oem3 (.const:ti_sysbios_family_arm_m3_Hwi_excHandlerFunc__C)

.const:ti_sysbios_family_arm_m3_Hwi_nullIsrFunc__C 
*          0    00001218    00000004     
                  00001218    00000004     app_ble_pem3.oem3 (.const:ti_sysbios_family_arm_m3_Hwi_nullIsrFunc__C)

.const:ti_sysbios_family_arm_m3_Hwi_numSparseInterrupts__C 
*          0    0000121c    00000004     
                  0000121c    00000004     app_ble_pem3.oem3 (.const:ti_sysbios_family_arm_m3_Hwi_numSparseInterrupts__C)

.const:ti_sysbios_family_arm_m3_Hwi_priGroup__C 
*          0    00001220    00000004     
                  00001220    00000004     app_ble_pem3.oem3 (.const:ti_sysbios_family_arm_m3_Hwi_priGroup__C)

.const:ti_sysbios_family_arm_m3_TaskSupport_stackAlignment__C 
*          0    00001224    00000004     
                  00001224    00000004     app_ble_pem3.oem3 (.const:ti_sysbios_family_arm_m3_TaskSupport_stackAlignment__C)

.const:ti_sysbios_heaps_HeapMem_E_memory__C 
*          0    00001228    00000004     
                  00001228    00000004     app_ble_pem3.oem3 (.const:ti_sysbios_heaps_HeapMem_E_memory__C)

.const:ti_sysbios_heaps_HeapMem_Module__gateObj__C 
*          0    0000122c    00000004     
                  0000122c    00000004     app_ble_pem3.oem3 (.const:ti_sysbios_heaps_HeapMem_Module__gateObj__C)

.const:ti_sysbios_heaps_HeapMem_Object__count__C 
*          0    00001230    00000004     
                  00001230    00000004     app_ble_pem3.oem3 (.const:ti_sysbios_heaps_HeapMem_Object__count__C)

.const:ti_sysbios_heaps_HeapMem_Object__table__C 
*          0    00001234    00000004     
                  00001234    00000004     app_ble_pem3.oem3 (.const:ti_sysbios_heaps_HeapMem_Object__table__C)

.const:ti_sysbios_heaps_HeapMem_reqAlign__C 
*          0    00001238    00000004     
                  00001238    00000004     app_ble_pem3.oem3 (.const:ti_sysbios_heaps_HeapMem_reqAlign__C)

.const:ti_sysbios_knl_Clock_triggerClock__C 
*          0    0000123c    00000004     
                  0000123c    00000004     app_ble_pem3.oem3 (.const:ti_sysbios_knl_Clock_triggerClock__C)

.const:ti_sysbios_knl_Mailbox_Object__count__C 
*          0    00001240    00000004     
                  00001240    00000004     app_ble_pem3.oem3 (.const:ti_sysbios_knl_Mailbox_Object__count__C)

.const:ti_sysbios_knl_Mailbox_Object__table__C 
*          0    00001244    00000004     
                  00001244    00000004     app_ble_pem3.oem3 (.const:ti_sysbios_knl_Mailbox_Object__table__C)

.const:ti_sysbios_knl_Mailbox_maxTypeAlign__C 
*          0    00001248    00000004     
                  00001248    00000004     app_ble_pem3.oem3 (.const:ti_sysbios_knl_Mailbox_maxTypeAlign__C)

.const:ti_sysbios_knl_Queue_Object__count__C 
*          0    0000124c    00000004     
                  0000124c    00000004     app_ble_pem3.oem3 (.const:ti_sysbios_knl_Queue_Object__count__C)

.const:ti_sysbios_knl_Queue_Object__table__C 
*          0    00001250    00000004     
                  00001250    00000004     app_ble_pem3.oem3 (.const:ti_sysbios_knl_Queue_Object__table__C)

.const:ti_sysbios_knl_Semaphore_eventPost__C 
*          0    00001254    00000004     
                  00001254    00000004     app_ble_pem3.oem3 (.const:ti_sysbios_knl_Semaphore_eventPost__C)

.const:ti_sysbios_knl_Semaphore_eventSync__C 
*          0    00001258    00000004     
                  00001258    00000004     app_ble_pem3.oem3 (.const:ti_sysbios_knl_Semaphore_eventSync__C)

.const:ti_sysbios_knl_Swi_Object__count__C 
*          0    0000125c    00000004     
                  0000125c    00000004     app_ble_pem3.oem3 (.const:ti_sysbios_knl_Swi_Object__count__C)

.const:ti_sysbios_knl_Swi_Object__table__C 
*          0    00001260    00000004     
                  00001260    00000004     app_ble_pem3.oem3 (.const:ti_sysbios_knl_Swi_Object__table__C)

.const:ti_sysbios_knl_Swi_numPriorities__C 
*          0    00001264    00000004     
                  00001264    00000004     app_ble_pem3.oem3 (.const:ti_sysbios_knl_Swi_numPriorities__C)

.const:ti_sysbios_knl_Task_Object__count__C 
*          0    00001268    00000004     
                  00001268    00000004     app_ble_pem3.oem3 (.const:ti_sysbios_knl_Task_Object__count__C)

.const:ti_sysbios_knl_Task_Object__table__C 
*          0    0000126c    00000004     
                  0000126c    00000004     app_ble_pem3.oem3 (.const:ti_sysbios_knl_Task_Object__table__C)

.const:ti_sysbios_knl_Task_allBlockedFunc__C 
*          0    00001270    00000004     
                  00001270    00000004     app_ble_pem3.oem3 (.const:ti_sysbios_knl_Task_allBlockedFunc__C)

.const:ti_sysbios_knl_Task_defaultStackHeap__C 
*          0    00001274    00000004     
                  00001274    00000004     app_ble_pem3.oem3 (.const:ti_sysbios_knl_Task_defaultStackHeap__C)

.const:ti_sysbios_knl_Task_defaultStackSize__C 
*          0    00001278    00000004     
                  00001278    00000004     app_ble_pem3.oem3 (.const:ti_sysbios_knl_Task_defaultStackSize__C)

.const:ti_sysbios_knl_Task_numConstructedTasks__C 
*          0    0000127c    00000004     
                  0000127c    00000004     app_ble_pem3.oem3 (.const:ti_sysbios_knl_Task_numConstructedTasks__C)

.const:ti_sysbios_family_arm_cc26xx_Timer_Module__id__C 
*          0    00001280    00000002     
                  00001280    00000002     app_ble_pem3.oem3 (.const:ti_sysbios_family_arm_cc26xx_Timer_Module__id__C)

.const:ti_sysbios_family_arm_cc26xx_TimestampProvider_useClockTimer__C 
*          0    00001282    00000002     
                  00001282    00000002     app_ble_pem3.oem3 (.const:ti_sysbios_family_arm_cc26xx_TimestampProvider_useClockTimer__C)

.const:ti_sysbios_family_arm_m3_Hwi_Module__id__C 
*          0    00001284    00000002     
                  00001284    00000002     app_ble_pem3.oem3 (.const:ti_sysbios_family_arm_m3_Hwi_Module__id__C)

.const:ti_sysbios_gates_GateHwi_Module__id__C 
*          0    00001286    00000002     
                  00001286    00000002     app_ble_pem3.oem3 (.const:ti_sysbios_gates_GateHwi_Module__id__C)

.const:ti_sysbios_gates_GateMutex_Module__id__C 
*          0    00001288    00000002     
                  00001288    00000002     app_ble_pem3.oem3 (.const:ti_sysbios_gates_GateMutex_Module__id__C)

.const:ti_sysbios_heaps_HeapMem_Module__id__C 
*          0    0000128a    00000002     
                  0000128a    00000002     app_ble_pem3.oem3 (.const:ti_sysbios_heaps_HeapMem_Module__id__C)

.const:ti_sysbios_knl_Task_initStackFlag__C 
*          0    0000128c    00000002     
                  0000128c    00000002     app_ble_pem3.oem3 (.const:ti_sysbios_knl_Task_initStackFlag__C)

.const:ti_sysbios_knl_Clock_tickMode__C 
*          0    0000128e    00000001     
                  0000128e    00000001     app_ble_pem3.oem3 (.const:ti_sysbios_knl_Clock_tickMode__C)

.const:xdc_runtime_Startup_firstFxns__C 
*          0    00001290    00000008     
                  00001290    00000008     app_ble_pem3.oem3 (.const:xdc_runtime_Startup_firstFxns__C)

.const:xdc_runtime_Startup_lastFxns__C 
*          0    00001298    00000008     
                  00001298    00000008     app_ble_pem3.oem3 (.const:xdc_runtime_Startup_lastFxns__C)

.const:xdc_runtime_Assert_E_assertFailed__C 
*          0    000012a0    00000004     
                  000012a0    00000004     app_ble_pem3.oem3 (.const:xdc_runtime_Assert_E_assertFailed__C)

.const:xdc_runtime_Error_E_memory__C 
*          0    000012a4    00000004     
                  000012a4    00000004     app_ble_pem3.oem3 (.const:xdc_runtime_Error_E_memory__C)

.const:xdc_runtime_Error_policyFxn__C 
*          0    000012a8    00000004     
                  000012a8    00000004     app_ble_pem3.oem3 (.const:xdc_runtime_Error_policyFxn__C)

.const:xdc_runtime_Error_raiseHook__C 
*          0    000012ac    00000004     
                  000012ac    00000004     app_ble_pem3.oem3 (.const:xdc_runtime_Error_raiseHook__C)

.const:xdc_runtime_IGateProvider_Interface__BASE__C 
*          0    000012b0    00000004     
                  000012b0    00000004     app_ble_pem3.oem3 (.const:xdc_runtime_IGateProvider_Interface__BASE__C)

.const:xdc_runtime_IHeap_Interface__BASE__C 
*          0    000012b4    00000004     
                  000012b4    00000004     app_ble_pem3.oem3 (.const:xdc_runtime_IHeap_Interface__BASE__C)

.const:xdc_runtime_IModule_Interface__BASE__C 
*          0    000012b8    00000004     
                  000012b8    00000004     app_ble_pem3.oem3 (.const:xdc_runtime_IModule_Interface__BASE__C)

.const:xdc_runtime_Memory_defaultHeapInstance__C 
*          0    000012bc    00000004     
                  000012bc    00000004     app_ble_pem3.oem3 (.const:xdc_runtime_Memory_defaultHeapInstance__C)

.const:xdc_runtime_Startup_execImpl__C 
*          0    000012c0    00000004     
                  000012c0    00000004     app_ble_pem3.oem3 (.const:xdc_runtime_Startup_execImpl__C)

.const:xdc_runtime_Startup_maxPasses__C 
*          0    000012c4    00000004     
                  000012c4    00000004     app_ble_pem3.oem3 (.const:xdc_runtime_Startup_maxPasses__C)

.const:xdc_runtime_Startup_sfxnRts__C 
*          0    000012c8    00000004     
                  000012c8    00000004     app_ble_pem3.oem3 (.const:xdc_runtime_Startup_sfxnRts__C)

.const:xdc_runtime_Startup_sfxnTab__C 
*          0    000012cc    00000004     
                  000012cc    00000004     app_ble_pem3.oem3 (.const:xdc_runtime_Startup_sfxnTab__C)

.const:xdc_runtime_Startup_startModsFxn__C 
*          0    000012d0    00000004     
                  000012d0    00000004     app_ble_pem3.oem3 (.const:xdc_runtime_Startup_startModsFxn__C)

.const:xdc_runtime_SysCallback_abortFxn__C 
*          0    000012d4    00000004     
                  000012d4    00000004     app_ble_pem3.oem3 (.const:xdc_runtime_SysCallback_abortFxn__C)

.const:xdc_runtime_SysCallback_exitFxn__C 
*          0    000012d8    00000004     
                  000012d8    00000004     app_ble_pem3.oem3 (.const:xdc_runtime_SysCallback_exitFxn__C)

.const:xdc_runtime_System_abortFxn__C 
*          0    000012dc    00000004     
                  000012dc    00000004     app_ble_pem3.oem3 (.const:xdc_runtime_System_abortFxn__C)

.const:xdc_runtime_System_exitFxn__C 
*          0    000012e0    00000004     
                  000012e0    00000004     app_ble_pem3.oem3 (.const:xdc_runtime_System_exitFxn__C)

.const:xdc_runtime_System_maxAtexitHandlers__C 
*          0    000012e4    00000004     
                  000012e4    00000004     app_ble_pem3.oem3 (.const:xdc_runtime_System_maxAtexitHandlers__C)

.const:xdc_runtime_Text_charTab__C 
*          0    000012e8    00000004     
                  000012e8    00000004     app_ble_pem3.oem3 (.const:xdc_runtime_Text_charTab__C)

.const:xdc_runtime_Text_nameEmpty__C 
*          0    000012ec    00000004     
                  000012ec    00000004     app_ble_pem3.oem3 (.const:xdc_runtime_Text_nameEmpty__C)

.const:xdc_runtime_Text_nameStatic__C 
*          0    000012f0    00000004     
                  000012f0    00000004     app_ble_pem3.oem3 (.const:xdc_runtime_Text_nameStatic__C)

.const:xdc_runtime_Text_nameUnknown__C 
*          0    000012f4    00000004     
                  000012f4    00000004     app_ble_pem3.oem3 (.const:xdc_runtime_Text_nameUnknown__C)

.const:xdc_runtime_Error_maxDepth__C 
*          0    000012f8    00000002     
                  000012f8    00000002     app_ble_pem3.oem3 (.const:xdc_runtime_Error_maxDepth__C)

.const:xdc_runtime_Memory_Module__id__C 
*          0    000012fa    00000002     
                  000012fa    00000002     app_ble_pem3.oem3 (.const:xdc_runtime_Memory_Module__id__C)

.const:xdc_runtime_Text_charCnt__C 
*          0    000012fc    00000002     
                  000012fc    00000002     app_ble_pem3.oem3 (.const:xdc_runtime_Text_charCnt__C)

.const:xdc_runtime_Text_isLoaded__C 
*          0    000012fe    00000002     
                  000012fe    00000002     app_ble_pem3.oem3 (.const:xdc_runtime_Text_isLoaded__C)

.const:xdc_runtime_Error_policy__C 
*          0    00001300    00000001     
                  00001300    00000001     app_ble_pem3.oem3 (.const:xdc_runtime_Error_policy__C)

.const:ti_sysbios_rom_ROM_ti_sysbios_family_arm_cc26xx_Timer_getCount64__E 
*          0    00001304    00000004     
                  00001304    00000004     app_ble_pem3.oem3 (.const:ti_sysbios_rom_ROM_ti_sysbios_family_arm_cc26xx_Timer_getCount64__E)

.const:ti_sysbios_rom_ROM_ti_sysbios_family_arm_cc26xx_Timer_getCurrentTick__E 
*          0    00001308    00000004     
                  00001308    00000004     app_ble_pem3.oem3 (.const:ti_sysbios_rom_ROM_ti_sysbios_family_arm_cc26xx_Timer_getCurrentTick__E)

.const:ti_sysbios_rom_ROM_ti_sysbios_family_arm_cc26xx_Timer_getMaxTicks__E 
*          0    0000130c    00000004     
                  0000130c    00000004     app_ble_pem3.oem3 (.const:ti_sysbios_rom_ROM_ti_sysbios_family_arm_cc26xx_Timer_getMaxTicks__E)

.const:ti_sysbios_rom_ROM_ti_sysbios_family_arm_cc26xx_Timer_initDevice__I 
*          0    00001310    00000004     
                  00001310    00000004     app_ble_pem3.oem3 (.const:ti_sysbios_rom_ROM_ti_sysbios_family_arm_cc26xx_Timer_initDevice__I)

.const:ti_sysbios_rom_ROM_ti_sysbios_family_arm_cc26xx_Timer_setNextTick__E 
*          0    00001314    00000004     
                  00001314    00000004     app_ble_pem3.oem3 (.const:ti_sysbios_rom_ROM_ti_sysbios_family_arm_cc26xx_Timer_setNextTick__E)

.const:ti_sysbios_rom_ROM_ti_sysbios_family_arm_cc26xx_Timer_setThreshold__I 
*          0    00001318    00000004     
                  00001318    00000004     app_ble_pem3.oem3 (.const:ti_sysbios_rom_ROM_ti_sysbios_family_arm_cc26xx_Timer_setThreshold__I)

.const:ti_sysbios_rom_ROM_ti_sysbios_family_arm_cc26xx_Timer_start__E 
*          0    0000131c    00000004     
                  0000131c    00000004     app_ble_pem3.oem3 (.const:ti_sysbios_rom_ROM_ti_sysbios_family_arm_cc26xx_Timer_start__E)

.const:ti_sysbios_rom_ROM_ti_sysbios_family_arm_cc26xx_TimestampProvider_get32__E 
*          0    00001320    00000004     
                  00001320    00000004     app_ble_pem3.oem3 (.const:ti_sysbios_rom_ROM_ti_sysbios_family_arm_cc26xx_TimestampProvider_get32__E)

.const:ti_sysbios_rom_ROM_xdc_runtime_Startup_getState__I 
*          0    00001324    00000004     
                  00001324    00000004     app_ble_pem3.oem3 (.const:ti_sysbios_rom_ROM_xdc_runtime_Startup_getState__I)

.const:ti_sysbios_rom_ROM_xdc_runtime_System_SupportProxy_abort__E 
*          0    00001328    00000004     
                  00001328    00000004     app_ble_pem3.oem3 (.const:ti_sysbios_rom_ROM_xdc_runtime_System_SupportProxy_abort__E)

.const:ti_sysbios_rom_ROM_xdc_runtime_System_SupportProxy_exit__E 
*          0    0000132c    00000004     
                  0000132c    00000004     app_ble_pem3.oem3 (.const:ti_sysbios_rom_ROM_xdc_runtime_System_SupportProxy_exit__E)

.data:ti_sysbios_knl_Task_Module__state__V 
*          0    20000100    00000044     UNINITIALIZED
                  20000100    00000044     app_ble_pem3.oem3 (.data:ti_sysbios_knl_Task_Module__state__V)

.data:ti_sysbios_family_arm_m3_Hwi_Module__state__V 
*          0    20000144    00000034     UNINITIALIZED
                  20000144    00000034     app_ble_pem3.oem3 (.data:ti_sysbios_family_arm_m3_Hwi_Module__state__V)

.data:ti_sysbios_knl_Clock_Module__state__V 
*          0    20000178    0000002c     UNINITIALIZED
                  20000178    0000002c     app_ble_pem3.oem3 (.data:ti_sysbios_knl_Clock_Module__state__V)

.data:ti_sysbios_BIOS_Module__state__V 
*          0    200001a4    00000024     UNINITIALIZED
                  200001a4    00000024     app_ble_pem3.oem3 (.data:ti_sysbios_BIOS_Module__state__V)

.data:ti_sysbios_knl_Swi_Module__state__V 
*          0    200001c8    0000001c     UNINITIALIZED
                  200001c8    0000001c     app_ble_pem3.oem3 (.data:ti_sysbios_knl_Swi_Module__state__V)

.data:ti_sysbios_family_arm_cc26xx_Timer_Module__state__V 
*          0    200001e4    00000008     UNINITIALIZED
                  200001e4    00000008     app_ble_pem3.oem3 (.data:ti_sysbios_family_arm_cc26xx_Timer_Module__state__V)

.data:ti_sysbios_family_arm_cc26xx_TimestampProvider_Module__state__V 
*          0    200001ec    00000004     UNINITIALIZED
                  200001ec    00000004     app_ble_pem3.oem3 (.data:ti_sysbios_family_arm_cc26xx_TimestampProvider_Module__state__V)

.data:xdc_runtime_Startup_Module__state__V 
*          0    200001f0    00000008     UNINITIALIZED
                  200001f0    00000008     app_ble_pem3.oem3 (.data:xdc_runtime_Startup_Module__state__V)

.data:xdc_runtime_System_Module__state__V 
*          0    200001f8    00000008     UNINITIALIZED
                  200001f8    00000008     app_ble_pem3.oem3 (.data:xdc_runtime_System_Module__state__V)

.data:xdc_runtime_Memory_Module__state__V 
*          0    20000200    00000004     UNINITIALIZED
                  20000200    00000004     app_ble_pem3.oem3 (.data:xdc_runtime_Memory_Module__state__V)

.data:xdc_runtime_Error_Module__state__V 
*          0    20000204    00000002     UNINITIALIZED
                  20000204    00000002     app_ble_pem3.oem3 (.data:xdc_runtime_Error_Module__state__V)

.bootVecs 
*          0    00000000    00000008     DSECT
                  00000000    00000008     boot.aem3 : boot.oem3 (.bootVecs)

.resetVecs 
*          0    00000000    0000003c     
                  00000000    0000003c     app_ble_pem3.oem3 (.resetVecs)

.vecs      0    20000000    000000c8     NOLOAD SECTION
                  20000000    000000c8     app_ble_pem3.oem3 (.vecs)

xdc.meta   0    00000000    00000103     COPY SECTION
                  00000000    00000103     app_ble_pem3.oem3 (xdc.meta)

xdc.noload 
*          0    00000000    00000000     COPY SECTION

.cinit     0    00010518    0000054c     
                  00010518    00000409     (.cinit..data.load) [load image, compression = lzss]
                  00010921    00000028     (.cinit..data:ti_sysbios_family_arm_m3_Hwi_Module__state__V.load) [load image, compression = lzss]
                  00010949    00000021     (.cinit..data:ti_sysbios_knl_Task_Module__state__V.load) [load image, compression = lzss]
                  0001096a    0000001f     (.cinit..data:ti_sysbios_BIOS_Module__state__V.load) [load image, compression = lzss]
                  00010989    0000001e     (.cinit..data:ti_sysbios_knl_Clock_Module__state__V.load) [load image, compression = lzss]
                  000109a7    00000010     (.cinit..data:ti_sysbios_knl_Swi_Module__state__V.load) [load image, compression = lzss]
                  000109b7    00000001     --HOLE-- [fill = 0]
                  000109b8    0000000c     (__TI_handler_table)
                  000109c4    0000000b     (.cinit..data:ti_sysbios_family_arm_cc26xx_Timer_Module__state__V.load) [load image, compression = lzss]
                  000109cf    00000001     --HOLE-- [fill = 0]
                  000109d0    00000008     (.cinit..bss.load) [load image, compression = zero_init]
                  000109d8    00000008     (.cinit..data:xdc_runtime_Memory_Module__state__V.load) [load image, compression = lzss]
                  000109e0    00000007     (.cinit..data:ti_sysbios_family_arm_cc26xx_TimestampProvider_Module__state__V.load) [load image, compression = lzss]
                  000109e7    00000007     (.cinit..data:xdc_runtime_Startup_Module__state__V.load) [load image, compression = lzss]
                  000109ee    00000007     (.cinit..data:xdc_runtime_System_Module__state__V.load) [load image, compression = lzss]
                  000109f5    00000006     (.cinit..data:xdc_runtime_Error_Module__state__V.load) [load image, compression = lzss]
                  000109fb    00000001     --HOLE-- [fill = 0]
                  000109fc    00000068     (__TI_cinit_table)

.init_array 
*          0    00000000    00000000     UNINITIALIZED

.snvSectors 
*          0    0001e000    00001000     
                  0001e000    00001000     simple_peripheral_cc2640r2lp_stack_library.lib : osal_snv_wrapper.obj (.snvSectors:retain)

.ccfg      0    0001ffa8    00000058     
                  0001ffa8    00000058     ccfg_app_ble.obj (.ccfg:retain)

.data      0    20000208    000015fa     UNINITIALIZED
                  20000208    000005b8     simple_peripheral.obj (.data:$O1$$)
                  200007c0    00000340     peripheral.obj (.data:$O10$$)
                  20000b00    000001d4     devinfoservice.obj (.data:$O8$$)
                  20000cd4    00000174     simple_peripheral_cc2640r2lp_stack_library.lib : gapbondmgr.obj (.data:$O18$$)
                  20000e48    0000013c     simple_gatt_profile.obj (.data:$O11$$)
                  20000f84    00000114     drivers_cc26x0r2.aem3 : PINCC26XX.oem3 (.data:$O1$$)
                  20001098    00000114                           : PowerCC26XX.oem3 (.data:PowerCC26XX_module)
                  200011ac    0000009c     icall.obj (.data:$O5$$)
                  20001248    0000007c     simple_peripheral_cc2640r2lp_stack_library.lib : osal_cbtimer.obj (.data:$O20$$)
                  200012c4    00000070     cc26xx_profiles_pxxx.a : gapgattserver.o (.data)
                  20001334    00000058     drivers_cc26x0r2.aem3 : CryptoResourceCC26XX.oem3 (.data:$O1$$)
                  2000138c    00000058     cc26xx_gap_pxxx.a : gap_configmgr.o (.data)
                  200013e4    0000004c     app_ble_pem3.oem3 (.data:ti_sysbios_knl_Task_Object__table__V)
                  20001430    00000048     app_ble_pem3.oem3 (.data:ti_sysbios_family_arm_cc26xx_Timer_Object__table__V)
                  20001478    00000038     cc2640_ctrlll_pxxx.a : ll_config.o (.data)
                  200014b0    00000038     app_ble_pem3.oem3 (.data:ti_sysbios_gates_GateMutex_Object__table__V)
                  200014e8    00000030     ble_user_config.obj (.data:rfRegTbl)
                  20001518    00000030     app_ble_pem3.oem3 (.data:ti_sysbios_knl_Swi_Module_State_0_readyQ__A)
                  20001548    00000030     app_ble_pem3.oem3 (.data:ti_sysbios_knl_Swi_Object__table__V)
                  20001578    00000030     app_ble_pem3.oem3 (.data:ti_sysbios_knl_Task_Module_State_0_readyQ__A)
                  200015a8    0000002c     simple_peripheral_cc2640r2lp_stack_library.lib : osal.obj (.data:$O14$$)
                  200015d4    00000028     ECCROMCC26XX.obj (.data:$O2$$)
                  200015fc    00000024     cc26xx_profiles_pxxx.a : gapgattserver.o (.data)
                  20001620    00000020     app_ble_pem3.oem3 (.data:ti_sysbios_knl_Clock_Object__table__V)
                  20001640    00000020     app_ble_pem3.oem3 (.data:xdc_runtime_Error_IgnoreBlock)
                  20001660    00000018     app_ble_pem3.oem3 (.data:ti_sysbios_family_arm_m3_Hwi_Object__table__V)
                  20001678    00000011     simple_gatt_profile.obj (.data:simpleProfileChar1UserDesp$15)
                  20001689    00000011     simple_gatt_profile.obj (.data:simpleProfileChar2UserDesp$15)
                  2000169a    00000011     simple_gatt_profile.obj (.data:simpleProfileChar3UserDesp$15)
                  200016ab    00000011     simple_gatt_profile.obj (.data:simpleProfileChar4UserDesp$15)
                  200016bc    00000011     simple_gatt_profile.obj (.data:simpleProfileChar5UserDesp$15)
                  200016cd    00000001     TRNGCC26XX.obj (.data)
                  200016ce    00000002     simple_peripheral.obj (.data)
                  200016d0    00000010     icall_user_config.obj (.data:bleAppServiceInfoTable)
                  200016e0    00000010     cc26xx_profiles_pxxx.a : gattservapp.o (.data)
                  200016f0    00000010     icall_api_lite.obj (.data)
                  20001700    00000010     ble_user_config.obj (.data:rfModeOverride)
                  20001710    00000010     main.obj (.data:user0Cfg)
                  20001720    0000000c     cc2640_ctrlll_pxxx.a : ll_data.o (.data)
                  2000172c    0000000c     app_ble_pem3.oem3 (.data:ti_sysbios_heaps_HeapCallback_Object__table__V)
                  20001738    00000009     devinfoservice.obj (.data)
                  20001741    00000001     cc2640_ctrlll_pxxx.a : ll_data.o (.data)
                  20001742    00000002     app_ble_pem3.oem3 (.data:ti_sysbios_family_arm_m3_Hwi_Module_State_0_excActive__A)
                  20001744    00000008     simple_peripheral_cc2640r2lp_stack_library.lib : hal_assert.obj (.data:$O13$$)
                  2000174c    00000008                                                    : osal_clock.obj (.data:$O21$$)
                  20001754    00000008     rtsv7M3_T_le_eabi.lib : _lock.c.obj (.data:$O22$$)
                  2000175c    00000008     icall_cc2650.obj (.data:$O7$$)
                  20001764    00000008     app_ble_pem3.oem3 (.data:ti_sysbios_family_arm_m3_Hwi_Module__root__V)
                  2000176c    00000008     app_ble_pem3.oem3 (.data:ti_sysbios_gates_GateHwi_Module__root__V)
                  20001774    00000008     app_ble_pem3.oem3 (.data:ti_sysbios_gates_GateMutex_Module__root__V)
                  2000177c    00000008     app_ble_pem3.oem3 (.data:ti_sysbios_hal_Hwi_Module__root__V)
                  20001784    00000008     app_ble_pem3.oem3 (.data:ti_sysbios_heaps_HeapCallback_Module__root__V)
                  2000178c    00000008     app_ble_pem3.oem3 (.data:ti_sysbios_heaps_HeapMem_Module__root__V)
                  20001794    00000008     app_ble_pem3.oem3 (.data:ti_sysbios_knl_Clock_Module__root__V)
                  2000179c    00000008     app_ble_pem3.oem3 (.data:ti_sysbios_knl_Event_Module__root__V)
                  200017a4    00000008     app_ble_pem3.oem3 (.data:ti_sysbios_knl_Mailbox_Module__root__V)
                  200017ac    00000008     app_ble_pem3.oem3 (.data:ti_sysbios_knl_Queue_Module__root__V)
                  200017b4    00000008     app_ble_pem3.oem3 (.data:ti_sysbios_knl_Semaphore_Module__root__V)
                  200017bc    00000008     app_ble_pem3.oem3 (.data:ti_sysbios_knl_Swi_Module__root__V)
                  200017c4    00000008     app_ble_pem3.oem3 (.data:ti_sysbios_knl_Task_Module__root__V)
                  200017cc    00000008     app_ble_pem3.oem3 (.data:xdc_runtime_Registry_Module__state__V)
                  200017d4    00000005     simple_gatt_profile.obj (.data)
                  200017d9    00000001     cc26xx_profiles_pxxx.a : gapgattserver.o (.data)
                  200017da    00000001                            : gapgattserver.o (.data)
                  200017db    00000001                            : gapgattserver.o (.data)
                  200017dc    00000004     simple_peripheral_cc2640r2lp_stack_library.lib : osal_pwrmgr.obj (.data:$O15$$)
                  200017e0    00000004                                                    : osal_snv_wrapper.obj (.data:$O16$$)
                  200017e4    00000004     ble_user_config.obj (.data)
                  200017e8    00000004     rtsv7M3_T_le_eabi.lib : stkdepth_vars.c.obj (.data)
                  200017ec    00000004     simple_peripheral_cc2640r2lp_stack_library.lib : ble_user_config.obj (.data)
                  200017f0    00000004                                                    : osal_bufmgr.obj (.data)
                  200017f4    00000004     app_ble_pem3.oem3 (.data:ti_sysbios_family_arm_m3_Hwi_Module_State_0_excContext__A)
                  200017f8    00000004     app_ble_pem3.oem3 (.data:ti_sysbios_family_arm_m3_Hwi_Module_State_0_excStack__A)
                  200017fc    00000004     app_ble_pem3.oem3 (.data:ti_sysbios_knl_Task_Module_State_0_idleTask__A)
                  20001800    00000001     drivers_cc26x0r2.aem3 : CryptoCC26XX.oem3 (.data)
                  20001801    00000001                           : UART.oem3 (.data)

.bss       0    20001808    00000987     UNINITIALIZED
                  20001808    000003a0     RFCC26XX_singleMode.obj (.bss:$O4$$)
                  20001ba8    00000200     app_ble_pem3.oem3 (.bss:taskStackSection)
                  20001da8    0000012c     (.common:uartCC26XXObjects)
                  20001ed4    000000c8     (.common:ti_sysbios_family_arm_m3_Hwi_dispatchTable)
                  20001f9c    00000080     board.obj (.bss:uartStringBuf$16)
                  2000201c    00000004     att_rsp.obj (.bss)
                  20002020    00000078     cc2640_ctrlll_pxxx.a : ll.o (.bss)
                  20002098    0000002c     (.common:cryptoCC26XXObjects)
                  200020c4    00000020     (.common:uartCC26XXRingBuffer)
                  200020e4    00000014     RFCC26XX_singleMode.obj (.bss:RF_ratSyncCmd$4)
                  200020f8    00000014     driverlib.lib : osc.obj (.bss:oscHfGlobals$62)
                  2000210c    00000010     util.obj (.bss:str$1$2)
                  2000211c    0000000c     simple_peripheral_cc2640r2lp_stack_library.lib : osal_timers.obj (.bss:$O17$$)
                  20002128    0000000c     cc2640_ctrlll_pxxx.a : ll_scheduler.o (.bss)
                  20002134    0000000c     (.common:displayUartObject)
                  20002140    00000008     dpl_cc26x0r2.aem3 : PowerCC26XX_tirtos.oem3 (.bss:$O1$$)
                  20002148    00000008     cc2640_ctrlll_pxxx.a : ll_common.o (.bss)
                  20002150    00000008                          : ll_common.o (.bss)
                  20002158    00000008     driverlib.lib : sys_ctrl.obj (.bss:powerQualGlobals$64)
                  20002160    00000004     cc2640_ctrlll_pxxx.a : ll.o (.bss)
                  20002164    00000004                          : ll.o (.bss)
                  20002168    00000004                          : ll.o (.bss)
                  2000216c    00000004                          : ll_common.o (.bss)
                  20002170    00000004     cc26xx_gap_pxxx.a : gap_linkmgr.o (.bss)
                  20002174    00000004     cc26xx_profiles_pxxx.a : gapgattserver.o (.bss)
                  20002178    00000004     (.common:ClockP_tickPeriod)
                  2000217c    00000004     (.common:tasksEvents)
                  20002180    00000004     (.common:trngCC26XXObjects)
                  20002184    00000002     cc2640_ctrlll_pxxx.a : ll_slave_end_causes.o (.bss)
                  20002186    00000001     RFCC26XX_singleMode.obj (.bss)
                  20002187    00000001     cc26xx_hci_tl_none.a : hci_tl.o (.bss)
                  20002188    00000001                          : hci_tl.o (.bss)
                  20002189    00000001                          : hci_tl.o (.bss)
                  2000218a    00000001                          : hci_tl.o (.bss)
                  2000218b    00000001                          : hci_tl.o (.bss)
                  2000218c    00000001     drivers_cc26x0r2.aem3 : CryptoCC26XX.oem3 (.bss)
                  2000218d    00000001     (.common:driverlib_release_0_60062)
                  2000218e    00000001     (.common:icall_liteTaskId)

.vtable    0    2000218f    00000000     UNINITIALIZED

.vtable_ram 
*          0    2000218f    00000000     UNINITIALIZED

vtable_ram 
*          0    2000218f    00000000     UNINITIALIZED

.sysmem    0    2000218f    00000000     UNINITIALIZED

.nonretenvar 
*          0    2000218f    00000000     UNINITIALIZED

.stack     0    20004000    00000400     UNINITIALIZED
                  20004000    00000400     --HOLE--

.text.1    0    0000003c    00000fc4     
                  0000003c    000006d4     simple_peripheral.obj (.text:SimplePeripheral_taskFxn$1)
                  00000710    00000008     (.tramp.ti_sysbios_knl_Queue_construct.1)
                  00000718    00000008     (.tramp.ti_sysbios_knl_Event_pend__E.1)
                  00000720    00000008     ble_r2.symbols (.tramp.GATT_bm_free.1)
                  00000728    00000008     (.tramp.ti_sysbios_knl_Queue_get__E.1)
                  00000730    00000008     ble_r2.symbols (.tramp.GATT_SendRsp.1)
                  00000738    00000008     (.tramp.ti_sysbios_knl_Queue_empty__E.1)
                  00000740    00000008     (.tramp.ti_sysbios_knl_Clock_start__E.1)
                  00000748    00000570     peripheral.obj (.text:gapRole_taskFxn$14)
                  00000cb8    00000008     (.tramp.ti_sysbios_knl_Clock_stop__E.1)
                  00000cc0    00000008     (.tramp.ti_sysbios_knl_Event_post__E.1)
                  00000cc8    00000320     rom_sysbios.aem3 : rom_sysbios.obj (.text:xdc_runtime_System_doPrint__I)
                  00000fe8    00000018     icall.obj (.text:ICall_mallocLimited)

.text.2    0    00001330    0000e158     
                  00001330    0000047c     simple_peripheral_cc2640r2lp_stack_library.lib : icall_startup.obj (.text:startup_entry)
                  000017ac    00000478     cc2640_ctrlll_pxxx.a : ll.o (.text)
                  00001c24    00000330                          : ll_slave_end_causes.o (.text)
                  00001f54    00000320                          : ll.o (.text)
                  00002274    00000314     drivers_cc26x0r2.aem3 : PowerCC26XX_calibrateRCOSC.oem3 (.text:PowerCC26XX_auxISR)
                  00002588    000002f4     cc2640_ctrlll_pxxx.a : ll_scheduler.o (.text)
                  0000287c    000002e4                          : ll_common.o (.text)
                  00002b60    000002cc     RFCC26XX_singleMode.obj (.text:RF_fsmActiveState$4)
                  00002e2c    000002a0     cc2640_ctrlll_pxxx.a : ll_isr.o (.text)
                  000030cc    00000294     peripheral.obj (.text:GAPRole_SetParameter)
                  00003360    00000278     drivers_cc26x0r2.aem3 : CryptoCC26XX.oem3 (.text:cryptoTransactionExecute)
                  000035d8    00000260     simple_peripheral_cc2640r2lp_stack_library.lib : gapbondmgr.obj (.text:GAPBondMgr_SetParameter)
                  00003838    00000240     cc2640_ctrlll_pxxx.a : ble.o (.text)
                  00003a78    00000238     cc26xx_profiles_pxxx.a : gapgattserver.o (.text)
                  00003cb0    00000234     icall.obj (.text:icall_directAPI)
                  00003ee4    0000022c     drivers_cc26x0r2.aem3 : PowerCC26XX.oem3 (.text:Power_sleep)
                  00004110    00000220     driverlib.lib : sys_ctrl.obj (.text:NOROM_SysCtrlSetRechargeBeforePowerDown)
                  00004330    0000021c     RFCC26XX_singleMode.obj (.text:RF_open)
                  0000454c    0000020c     ECCROMCC26XX.obj (.text:ECC_VerifyPublicKeyWeierstrass$3)
                  00004758    0000020c     simple_peripheral_cc2640r2lp_stack_library.lib : gapbondmgr.obj (.text:GAPBondMgr_ProcessGAPMsg)
                  00004964    00000200     cc26xx_profiles_pxxx.a : gattservapp.o (.text)
                  00004b64    000001ec     RFCC26XX_singleMode.obj (.text:RF_fsmSetupState$4)
                  00004d50    000001ec     simple_peripheral.obj (.text:SimplePeripheral_processStateChangeEvt$1)
                  00004f3c    000001d8     simple_peripheral_cc2640r2lp_stack_library.lib : gapbondmgr.obj (.text:gapBondMgrAddBond$31)
                  00005114    000001bc     main.obj (.text:AssertHandler)
                  000052d0    000001b0     ECCROMCC26XX.obj (.text:ECCROMCC26XX_genDHKey)
                  00005480    000001b0     drivers_cc26x0r2.aem3 : PINCC26XX.oem3 (.text:PIN_init)
                  00005630    000001b0     cc2640_ctrlll_pxxx.a : ll_isr.o (.text)
                  000057e0    00000190     drivers_cc26x0r2.aem3 : PowerCC26XX_calibrateRCOSC.oem3 (.text:PowerCC26XX_doCalibrate)
                  00005970    00000190     simple_peripheral_cc2640r2lp_stack_library.lib : gapbondmgr.obj (.text:gapBondMgrAuthenticate$31)
                  00005b00    0000018c     cc2640_ctrlll_pxxx.a : ll.o (.text)
                  00005c8c    0000018c                          : ll_isr.o (.text)
                  00005e18    0000015c     drivers_cc26x0r2.aem3 : UARTCC26XX.oem3 (.text:UARTCC26XX_open)
                  00005f74    00000150     simple_peripheral_cc2640r2lp_stack_library.lib : gapbondmgr.obj (.text:GAPBondMgr_ProcessEvent)
                  000060c4    00000150     cc2640_ctrlll_pxxx.a : ll_common.o (.text)
                  00006214    00000148     drivers_cc26x0r2.aem3 : UARTCC26XX.oem3 (.text:UARTCC26XX_hwiIntFxn)
                  0000635c    00000136                           : UARTCC26XX.oem3 (.text:UARTCC26XX_read)
                  00006492    00000002     ble_user_config.obj (.text:DefaultAssertCback)
                  00006494    00000134     simple_peripheral_cc2640r2lp_stack_library.lib : gapbondmgr.obj (.text:gapBondMgrEraseBonding$31)
                  000065c8    00000130     ECCROMCC26XX.obj (.text:ECCROMCC26XX_genKeys)
                  000066f8    0000012c     drivers_cc26x0r2.aem3 : PowerCC26XX.oem3 (.text:Power_init)
                  00006824    00000128     cc2640_ctrlll_pxxx.a : ll_scheduler.o (.text)
                  0000694c    00000118     simple_peripheral_cc2640r2lp_stack_library.lib : osal_snv_wrapper.obj (.text:compactPage$28)
                  00006a64    00000114     cc26xx_gap_pxxx.a : gap_linkmgr.o (.text)
                  00006b78    00000110     drivers_cc26x0r2.aem3 : PINCC26XX.oem3 (.text:PINCC26XX_setIoCfg)
                  00006c88    00000110     cc26xx_gatt_pxxx.a : gatt_server.o (.text)
                  00006d98    00000108     app_ble_pem3.oem3 (.text:xdc_runtime_System_printfExtend__I)
                  00006ea0    000000f8     simple_peripheral_cc2640r2lp_stack_library.lib : osal_snv_wrapper.obj (.text:osal_snv_write)
                  00006f98    000000f0     cc2640_ctrlll_pxxx.a : ll.o (.text)
                  00007088    000000ec     RFCC26XX_singleMode.obj (.text:RF_radioOpDoneCb$4)
                  00007174    000000ec     cc26xx_profiles_pxxx.a : gattservapp.o (.text)
                  00007260    000000ec     simple_gatt_profile.obj (.text:simpleProfile_WriteAttrCB$15)
                  0000734c    000000e8     dpl_cc26x0r2.aem3 : PowerCC26XX_tirtos.oem3 (.text:PowerCC26XX_standbyPolicy)
                  00007434    000000e8     simple_peripheral_cc2640r2lp_stack_library.lib : osal_timers.obj (.text:osalTimerUpdate)
                  0000751c    000000e4     cc2640_ctrlll_pxxx.a : ll_isr.o (.text)
                  00007600    000000e4     cc26xx_sm_pxxx.a : sm_pairing.o (.text)
                  000076e4    000000e2     drivers_cc26x0r2.aem3 : UARTCC26XX.oem3 (.text:UARTCC26XX_write)
                  000077c6    00000002     display.aem3 : DisplayUart.oem3 (.text:DisplayUartAnsi_init)
                  000077c8    000000dc     simple_peripheral_cc2640r2lp_stack_library.lib : gapbondmgr.obj (.text:GAPBondMgr_LinkEst)
                  000078a4    000000d8                                                    : osal.obj (.text:osal_set_event)
                  0000797c    000000d4     RFCC26XX_singleMode.obj (.text:RF_pendCmd)
                  00007a50    000000d0     main.obj (.text:main)
                  00007b20    000000cc     RFCC26XX_singleMode.obj (.text:RF_postCmd)
                  00007bec    000000cc     RFCC26XX_singleMode.obj (.text:RF_swiHw$4)
                  00007cb8    000000c8     RFCC26XX_singleMode.obj (.text:RF_fsmPowerUpState$4)
                  00007d80    000000c4     cc26xx_sm_pxxx.a : sm_pairing.o (.text)
                  00007e44    000000c4                      : sm_pairing.o (.text)
                  00007f08    000000c0     driverlib.lib : setup.obj (.text:TrimAfterColdResetWakeupFromShutDown$20)
                  00007fc8    000000bc     drivers_cc26x0r2.aem3 : PowerCC26XX.oem3 (.text:Power_releaseDependency)
                  00008084    000000bc     RFCC26XX_singleMode.obj (.text:RF_abortCmd$4)
                  00008140    000000bc     cc2640_ctrlll_pxxx.a : ll_scheduler.o (.text)
                  000081fc    000000b8     RFCC26XX_singleMode.obj (.text:RF_control)
                  000082b4    000000b8     TRNGCC26XX.obj (.text:TRNGCC26XX_getNumber)
                  0000836c    000000b4     simple_peripheral_cc2640r2lp_stack_library.lib : gapbondmgr.obj (.text:GAPBondMgr_ResolveAddr)
                  00008420    000000b4     driverlib.lib : setup.obj (.text:NOROM_SetupTrimDevice)
                  000084d4    000000b4     drivers_cc26x0r2.aem3 : PowerCC26XX.oem3 (.text:Power_setDependency)
                  00008588    000000b4     peripheral.obj (.text:gapRole_startConnUpdate$14)
                  0000863c    000000b0     simple_peripheral.obj (.text:SensorTask_taskFxn$1)
                  000086ec    000000b0     cc26xx_gap_pxxx.a : gap_peridevmgr.o (.text)
                  0000879c    000000b0     devinfoservice.obj (.text:devInfo_ReadAttrCB$11)
                  0000884c    000000ac     display.aem3 : DisplayUart.oem3 (.text:DisplayUartAnsi_clearLines)
                  000088f8    000000a7                  : DisplayUart.oem3 (.text:DisplayUartAnsi_open)
                  0000899f    00000001     --HOLE-- [fill = 0]
                  000089a0    000000a6     rom_sysbios.aem3 : rom_sysbios.obj (.text:xdc_runtime_Text_putSite__E)
                  00008a46    000000a4     cc2640_ctrlll_pxxx.a : ll_common.o (.text)
                  00008aea    000000a4     simple_peripheral_cc2640r2lp_stack_library.lib : gapbondmgr.obj (.text:gapBondMgrUpdateCharCfg$31)
                  00008b8e    00000002     icall.obj (.text:ICall_abort)
                  00008b90    000000a4     gattservapp_util.obj (.text:gattServApp_SendNotiInd$13)
                  00008c34    000000a4     simple_peripheral_cc2640r2lp_stack_library.lib : osal.obj (.text:osal_msg_enqueue_push$24)
                  00008cd8    000000a4     drivers_cc26x0r2.aem3 : PowerCC26XX.oem3 (.text:switchXOSCHFclockFunc)
                  00008d7c    000000a0                           : PINCC26XX.oem3 (.text:PIN_open)
                  00008e1c    000000a0     RFCC26XX_singleMode.obj (.text:RF_ratRestartChannels$4)
                  00008ebc    000000a0     auto_init.aem3 : auto_init.oem3 (.text)
                  00008f5c    000000a0     simple_peripheral_cc2640r2lp_stack_library.lib : osal_timers.obj (.text:osal_timer_refTimeUpdate)
                  00008ffc    0000009f     display.aem3 : DisplayUart.oem3 (.text:DisplayUartAnsi_vprintf)
                  0000909b    00000001     --HOLE-- [fill = 0]
                  0000909c    0000009c     icall.obj (.text:ICall_heapMalloc)
                  00009138    0000009c     RFCC26XX_singleMode.obj (.text:RF_calculateDispatchTime$4)
                  000091d4    0000009c     simple_peripheral_cc2640r2lp_stack_library.lib : osal_cbtimer.obj (.text:cbTimerSetup$39)
                  00009270    0000009c     rtsv7M3_T_le_eabi.lib : memcpy_t2.asm.obj (.text)
                  0000930c    0000009c     simple_peripheral_cc2640r2lp_stack_library.lib : osal_snv_wrapper.obj (.text:writeWord$28)
                  000093a8    00000098     icall.obj (.text:ICall_setTimer)
                  00009440    00000098     drivers_cc26x0r2.aem3 : UARTCC26XX.oem3 (.text:UARTCC26XX_initHw)
                  000094d8    00000098                           : UARTCC26XX.oem3 (.text:UARTCC26XX_initIO)
                  00009570    00000098     cc2640_ctrlhci_pxxx.a : hci_event.o (.text)
                  00009608    00000098     cc2640_ctrlll_pxxx.a : ll_common.o (.text)
                  000096a0    00000098     simple_peripheral_cc2640r2lp_stack_library.lib : osal_cbtimer.obj (.text:osal_CbTimerProcessEvent)
                  00009738    00000098     rom_sysbios.aem3 : rom_sysbios.obj (.text:ti_sysbios_knl_Clock_workFuncDynamic__E)
                  000097d0    00000098                      : rom_sysbios.obj (.text:xdc_runtime_Text_putMod__E)
                  00009868    00000096     rtsv7M3_T_le_eabi.lib : ull_div_t2.asm.obj (.text)
                  000098fe    00000002     simple_peripheral_cc2640r2lp_stack_library.lib : onboard.obj (.text:Onboard_soft_reset)
                  00009900    00000094     drivers_cc26x0r2.aem3 : CryptoCC26XX.oem3 (.text:CryptoCC26XX_allocateKey)
                  00009994    00000094     driverlib.lib : crypto.obj (.text:NOROM_CRYPTOAesLoadKey)
                  00009a28    00000090     board.obj (.text:CC2640R2_LAUNCHXL_shutDownExtFlash)
                  00009ab8    00000090     drivers_cc26x0r2.aem3 : CryptoCC26XX.oem3 (.text:CryptoCC26XX_open)
                  00009b48    00000090     RFCC26XX_singleMode.obj (.text:RF_hwiCpe0Active$4)
                  00009bd8    00000090     simple_peripheral_cc2640r2lp_stack_library.lib : osal.obj (.text:osal_msg_receive)
                  00009c68    00000090     rom_sysbios.aem3 : rom_sysbios.obj (.text:ti_sysbios_family_arm_cc26xx_Timer_start__E)
                  00009cf8    0000008e     drivers_cc26x0r2.aem3 : UARTCC26XX.oem3 (.text:UARTCC26XX_writeCancel)
                  00009d86    00000002     RFCC26XX_singleMode.obj (.text:RF_defaultCallback$4)
                  00009d88    0000008c     cc2640_ctrlll_pxxx.a : ll_enc.o (.text)
                  00009e14    00000088     RFCC26XX_singleMode.obj (.text:RF_dispatchNextCmd$4)
                  00009e9c    00000084     driverlib.lib : crypto.obj (.text:NOROM_CRYPTOCcmInvAuthDecryptResultGet)
                  00009f20    00000084     RFCC26XX_singleMode.obj (.text:RF_ratFreeChannel$4)
                  00009fa4    00000084     drivers_cc26x0r2.aem3 : UARTCC26XX.oem3 (.text:UARTCC26XX_close)
                  0000a028    00000084     cc26xx_profiles_pxxx.a : gapgattserver.o (.text)
                  0000a0ac    00000080     simple_peripheral_cc2640r2lp_stack_library.lib : gapbondmgr.obj (.text:GAPBondMgr_syncResolvingList)
                  0000a12c    00000080     icall.obj (.text:ICall_send)
                  0000a1ac    00000080     RFCC26XX_singleMode.obj (.text:RF_discardPendCmd$4)
                  0000a22c    00000080     drivers_cc26x0r2.aem3 : UARTCC26XX.oem3 (.text:writeTxFifoFlush)
                  0000a2ac    0000007c     cc2640_ctrlhci_pxxx.a : hci_event.o (.text)
                  0000a328    0000007c     cc2640_ctrlll_pxxx.a : ll_scheduler.o (.text)
                  0000a3a4    0000007c     cc26xx_gap_pxxx.a : gap_linkmgr.o (.text)
                  0000a420    0000007c     simple_peripheral_cc2640r2lp_stack_library.lib : osal.obj (.text:osal_event_send$24)
                  0000a49c    0000007a     rtsv7M3_T_le_eabi.lib : memset_t2.asm.obj (.text)
                  0000a516    00000002     simple_peripheral_cc2640r2lp_stack_library.lib : sm_ecc.obj (.text:SM_dhKeyCB)
                  0000a518    00000078     gattservapp_util.obj (.text:GATTServApp_ProcessCharCfg)
                  0000a590    00000078     cc2640_ctrlll_pxxx.a : ll_common.o (.text)
                  0000a608    00000078     cc26xx_profiles_pxxx.a : gattservapp.o (.text)
                  0000a680    00000078     rom_sysbios.aem3 : rom_sysbios.obj (.text:ti_sysbios_heaps_HeapMem_allocUnprotected__E)
                  0000a6f8    00000074     icall.obj (.text:ICall_fetchMsg)
                  0000a76c    00000074     icall.obj (.text:ICall_heapInit)
                  0000a7e0    00000074     cc26xx_sm_pxxx.a : sm_pairing.o (.text)
                  0000a854    00000074     simple_peripheral_cc2640r2lp_stack_library.lib : gapbondmgr.obj (.text:gapBondMgrBondReq$31)
                  0000a8c8    00000072     cc2640_ctrlll_pxxx.a : ll_common.o (.text)
                  0000a93a    00000002     simple_peripheral_cc2640r2lp_stack_library.lib : sm_ecc.obj (.text:SM_p256KeyCB)
                  0000a93c    00000070                                                    : gapbondmgr.obj (.text:GAPBondMgr_LinkTerm)
                  0000a9ac    00000070     icall.obj (.text:ICall_heapGetStats)
                  0000aa1c    00000070     driverlib.lib : sys_ctrl.obj (.text:NOROM_SysCtrlAdjustRechargeAfterPowerDown)
                  0000aa8c    00000070     simple_peripheral_cc2640r2lp_stack_library.lib : ble_dispatch_lite.obj (.text:ble_dispatch_liteProcess)
                  0000aafc    00000070     cc2640_ctrlll_pxxx.a : ll_common.o (.text)
                  0000ab6c    00000070                          : ll_enc.o (.text)
                  0000abdc    00000070     cc26xx_hci_tl_none.a : hci_tl.o (.text)
                  0000ac4c    00000070     drivers_cc26x0r2.aem3 : PowerCC26XX.oem3 (.text:lfClockReadyCallback)
                  0000acbc    00000070     simple_gatt_profile.obj (.text:simpleProfile_ReadAttrCB$15)
                  0000ad2c    0000006d     rom_sysbios.aem3 : rom_sysbios.obj (.text:xdc_runtime_System_formatNum__I)
                  0000ad99    00000001     --HOLE-- [fill = 0]
                  0000ad9a    00000002     rtsv7M3_T_le_eabi.lib : _lock.c.obj (.text:_nop)
                  0000ad9c    0000006c     icall.obj (.text:ICall_sendServiceComplete)
                  0000ae08    0000006c     driverlib.lib : osc.obj (.text:NOROM_OSCHF_AttemptToSwitchToXosc)
                  0000ae74    0000006c     drivers_cc26x0r2.aem3 : PowerCC26XX_calibrateRCOSC.oem3 (.text:PowerCC26XX_initiateCalibration)
                  0000aee0    0000006c     RFCC26XX_singleMode.obj (.text:RF_dispatchNextEvent$4)
                  0000af4c    0000006c     simple_peripheral.obj (.text:SimplePeripheral_createTask)
                  0000afb8    0000006c     cc2640_ctrlll_pxxx.a : ll_common.o (.text)
                  0000b024    0000006c                          : ll_scheduler.o (.text)
                  0000b090    0000006c     drivers_cc26x0r2.aem3 : PowerCC26XX.oem3 (.text:configureXOSCHF)
                  0000b0fc    00000068                           : CryptoCC26XX.oem3 (.text:CryptoCC26XX_loadKey)
                  0000b164    00000068     driverlib.lib : sys_ctrl.obj (.text:NOROM_SysCtrl_DCDC_VoltageConditionalControl)
                  0000b1cc    00000068     RFCC26XX_singleMode.obj (.text:RF_getInfo)
                  0000b234    00000068     RFCC26XX_singleMode.obj (.text:RF_hwiHw$4)
                  0000b29c    00000068     rtsv7M3_T_le_eabi.lib : copy_decompress_lzss.c.obj (.text:decompress:lzss:__TI_decompress_lzss)
                  0000b304    00000068     simple_peripheral_cc2640r2lp_stack_library.lib : osal_cbtimer.obj (.text:osal_CbTimerUpdate)
                  0000b36c    00000064     RFCC26XX_singleMode.obj (.text:RF_getCurrentTime)
                  0000b3d0    00000064     RFCC26XX_singleMode.obj (.text:RF_hwiCpe0PowerFsm$4)
                  0000b434    00000064     simple_gatt_profile.obj (.text:SimpleProfile_SetParameter)
                  0000b498    00000064     cc26xx_profiles_pxxx.a : gattservapp.o (.text)
                  0000b4fc    00000060     icall.obj (.text:ICall_createRemoteTasksAtRuntime)
                  0000b55c    00000060     icall.obj (.text:ICall_enrollService)
                  0000b5bc    00000060     drivers_cc26x0r2.aem3 : PowerCC26XX.oem3 (.text:PowerCC26XX_calibrate)
                  0000b61c    00000060     RFCC26XX_singleMode.obj (.text:RF_fsmXOSCState$4)
                  0000b67c    0000005f     rom_sysbios.aem3 : rom_sysbios.obj (.text:xdc_runtime_Text_putLab__E)
                  0000b6db    00000001     --HOLE-- [fill = 0]
                  0000b6dc    0000005e     drivers_cc26x0r2.aem3 : UARTCC26XX.oem3 (.text:UARTCC26XX_swiIntFxn)
                  0000b73a    00000002                           : PowerCC26XX.oem3 (.text:emptyClockFunc)
                  0000b73c    0000005c                           : CryptoResourceCC26XX.oem3 (.text:CryptoResourceCC26XX_constructRTOSObjects)
                  0000b798    0000005c     display.aem3 : Display.oem3 (.text:Display_doOpen)
                  0000b7f4    0000005c     icall.obj (.text:ICall_pwrUpdActivityCounter)
                  0000b850    0000005c     icall.obj (.text:ICall_searchTask$6)
                  0000b8ac    0000005c     drivers_cc26x0r2.aem3 : PowerCC26XX_calibrateRCOSC.oem3 (.text:PowerCC26XX_RCOSC_clockFunc)
                  0000b908    0000005c     RFCC26XX_singleMode.obj (.text:RF_cmdDispatchTime$4)
                  0000b964    0000005c     simple_peripheral.obj (.text:SimplePeripheral_enqueueMsg$1)
                  0000b9c0    0000005c     cc26xx_profiles_pxxx.a : gattservapp.o (.text)
                  0000ba1c    0000005c     app_ble_pem3.oem3 (.text:xdc_runtime_Startup_getState__I)
                  0000ba78    0000005a     RFCC26XX_singleMode.obj (.text:RF_syncCb$4)
                  0000bad2    00000002     drivers_cc26x0r2.aem3 : CryptoResourceCC26XX.oem3 (.text:errorSpin)
                  0000bad4    00000058     icall.obj (.text:ICall_heapFree)
                  0000bb2c    00000058     icall.obj (.text:ICall_msgEnqueue$6)
                  0000bb84    00000058     icall.obj (.text:ICall_wait)
                  0000bbdc    00000058     drivers_cc26x0r2.aem3 : PINCC26XX.oem3 (.text:PIN_remove)
                  0000bc34    00000058                           : UARTCC26XX.oem3 (.text:UARTCC26XX_control)
                  0000bc8c    00000058     cc26xx_gap_pxxx.a : gap_linkmgr.o (.text)
                  0000bce4    00000058     simple_peripheral_cc2640r2lp_stack_library.lib : osal_snv_wrapper.obj (.text:erasePage$28)
                  0000bd3c    00000058                                                    : osal_snv_wrapper.obj (.text:findItem$28)
                  0000bd94    00000058                                                    : gapbondmgr.obj (.text:gapBondMgrReadBonds$31)
                  0000bdec    00000058                                                    : osal_cbtimer.obj (.text:osal_CbTimerStop)
                  0000be44    00000058     rom_sysbios.aem3 : rom_sysbios.obj (.text:ti_sysbios_heaps_HeapMem_alloc__E)
                  0000be9c    00000054     cc26xx_gap_pxxx.a : linkdb.o (.text)
                  0000bef0    00000054     cc26xx_profiles_pxxx.a : gattservapp.o (.text)
                  0000bf44    00000050     dpl_cc26x0r2.aem3 : ClockP_tirtos.oem3 (.text:ClockP_construct)
                  0000bf94    00000050     ECCROMCC26XX.obj (.text:ECCROMCC26XX_Params_init)
                  0000bfe4    00000050     ECCROMCC26XX.obj (.text:ECC_initGlobals$3)
                  0000c034    00000050     icall.obj (.text:ICall_registerApp)
                  0000c084    00000050     util.obj (.text:Util_convertBdAddr2Str)
                  0000c0d4    00000050     cc2640_ctrlll_pxxx.a : ll.o (.text)
                  0000c124    00000050     drivers_cc26x0r2.aem3 : UARTCC26XX.oem3 (.text:startTxFifoEmptyClk)
                  0000c174    0000004c     icall.obj (.text:ICall_newTask$6)
                  0000c1c0    0000004c     RFCC26XX_singleMode.obj (.text:RF_wakeupNotification$4)
                  0000c20c    0000004c     rtsv7M3_T_le_eabi.lib : cpy_tbl.c.obj (.text:copy_in)
                  0000c258    0000004c     simple_peripheral_cc2640r2lp_stack_library.lib : gapbondmgr.obj (.text:gapBondMgrUpdateLruBondList$31)
                  0000c2a4    0000004c                                                    : osal_bufmgr.obj (.text:osal_bm_free)
                  0000c2f0    0000004a     drivers_cc26x0r2.aem3 : UARTCC26XX.oem3 (.text:UARTCC26XX_readCancel)
                  0000c33a    00000002     simple_peripheral_cc2640r2lp_stack_library.lib : hal_assert.obj (.text:halAssertHandler)
                  0000c33c    00000048     board.obj (.text:CC2640R2_LAUNCHXL_wakeUpExtFlash)
                  0000c384    00000048     drivers_cc26x0r2.aem3 : PINCC26XX.oem3 (.text:PIN_setOutputEnable)
                  0000c3cc    00000048     util.obj (.text:Util_constructClock)
                  0000c414    00000048     simple_peripheral_cc2640r2lp_stack_library.lib : osal_timers.obj (.text:osalAddTimer)
                  0000c45c    00000048     rom_sysbios.aem3 : rom_sysbios.obj (.text:ti_sysbios_family_arm_cc26xx_Timer_setThreshold__I)
                  0000c4a4    00000048     drivers_cc26x0r2.aem3 : UARTCC26XX.oem3 (.text:writeFinishedDoCallback)
                  0000c4ec    00000044     simple_peripheral_cc2640r2lp_stack_library.lib : gapbondmgr.obj (.text:GAPBondMgr_Pair)
                  0000c530    00000044     icall.obj (.text:ICall_searchServiceEntity)
                  0000c574    00000044     driverlib.lib : osc.obj (.text:NOROM_OSCHF_SwitchToRcOscTurnOffXosc)
                  0000c5b8    00000044     RFCC26XX_singleMode.obj (.text:RF_cmdStoreEvents$4)
                  0000c5fc    00000044     drivers_cc26x0r2.aem3 : RingBuf.oem3 (.text:RingBuf_put)
                  0000c640    00000044     boot.aem3 : boot.oem3 (.text)
                  0000c684    00000044     cc2640_ctrlll_pxxx.a : ll_isr.o (.text)
                  0000c6c8    00000044                          : ll_scheduler.o (.text)
                  0000c70c    00000044     cc26xx_profiles_pxxx.a : gattservapp.o (.text)
                  0000c750    00000044     simple_peripheral_cc2640r2lp_stack_library.lib : osal_timers.obj (.text:osal_start_timerEx)
                  0000c794    00000044     rom_sysbios.aem3 : rom_sysbios.obj (.text:xdc_runtime_Text_xprintf__I)
                  0000c7d8    00000042     simple_peripheral_cc2640r2lp_stack_library.lib : gapbondmgr.obj (.text:GAPBondMgr_UpdateCharCfg)
                  0000c81a    00000042                                                    : gap.obj (.text:GAP_DeviceInit)
                  0000c85c    00000040     ECCROMCC26XX.obj (.text:ECCROMCC26XX_init)
                  0000c89c    00000040     peripheral.obj (.text:GAPRole_createTask)
                  0000c8dc    00000040     drivers_cc26x0r2.aem3 : PINCC26XX.oem3 (.text:PIN_swi)
                  0000c91c    00000040                           : PowerCC26XX.oem3 (.text:PowerCC26XX_isStableXOSC_HF)
                  0000c95c    00000040                           : UART.oem3 (.text:UART_init)
                  0000c99c    00000040                           : UART.oem3 (.text:UART_open)
                  0000c9dc    00000040     cc26xx_profiles_pxxx.a : gattservapp.o (.text)
                  0000ca1c    00000040                            : gattservapp.o (.text)
                  0000ca5c    00000040     rtsv7M3_T_le_eabi.lib : u_divt2.asm.obj (.text)
                  0000ca9c    00000040     rom_sysbios.aem3 : rom_sysbios.obj (.text:ti_sysbios_heaps_HeapCallback_Module_startup__E)
                  0000cadc    0000003e     dpl_cc26x0r2.aem3 : HwiP_tirtos.oem3 (.text:HwiP_construct)
                  0000cb1a    0000003e     drivers_cc26x0r2.aem3 : RingBuf.oem3 (.text:RingBuf_get)
                  0000cb58    0000003c     driverlib.lib : osc.obj (.text:NOROM_OSC_HPOSCRelativeFrequencyOffsetGet)
                  0000cb94    0000003c     dpl_cc26x0r2.aem3 : SwiP_tirtos.oem3 (.text:SwiP_construct)
                  0000cbd0    0000003c     cc2640_ctrlll_pxxx.a : ll_common.o (.text)
                  0000cc0c    0000003c                          : ll_scheduler.o (.text)
                  0000cc48    0000003c     cc26xx_hci_tl_none.a : hci_tl.o (.text)
                  0000cc84    0000003c     cc26xx_profiles_pxxx.a : gattservapp.o (.text)
                  0000ccc0    0000003c                            : gattservapp.o (.text)
                  0000ccfc    0000003c     drivers_cc26x0r2.aem3 : PowerCC26XX.oem3 (.text:disableLfClkQualifiersEnableClkLoss)
                  0000cd38    0000003c     simple_peripheral_cc2640r2lp_stack_library.lib : osal_bufmgr.obj (.text:osal_bm_alloc)
                  0000cd74    0000003c                                                    : osal_timers.obj (.text:osal_start_reload_timer)
                  0000cdb0    0000003c     rom_sysbios.aem3 : rom_sysbios.obj (.text:ti_sysbios_family_arm_m3_Hwi_construct2__E)
                  0000cdec    0000003a     cc2640_ctrlll_pxxx.a : ll_common.o (.text)
                  0000ce26    00000002     simple_peripheral_cc2640r2lp_stack_library.lib : hal_assert.obj (.text:halAssertSpinlock)
                  0000ce28    00000038                                                    : hal_flash_wrapper.obj (.text:HalFlashRead)
                  0000ce60    00000038     drivers_cc26x0r2.aem3 : PINCC26XX.oem3 (.text:PIN_setConfig)
                  0000ce98    00000038                           : PINCC26XX.oem3 (.text:PIN_setOutputValue)
                  0000ced0    00000038     RFCC26XX_singleMode.obj (.text:RF_checkCmdFsError$4)
                  0000cf08    00000038     RFCC26XX_singleMode.obj (.text:RF_powerConstraintRelease)
                  0000cf40    00000038     util.obj (.text:Util_restartClock)
                  0000cf78    00000038     simple_peripheral_cc2640r2lp_stack_library.lib : osal_bufmgr.obj (.text:bm_desc_from_payload$25)
                  0000cfb0    00000038     cc2640_ctrlll_pxxx.a : ll_scheduler.o (.text)
                  0000cfe8    00000038                          : ll_scheduler.o (.text)
                  0000d020    00000038     cc26xx_l2cap_pxxx.a : l2cap_util.o (.text)
                  0000d058    00000038     simple_peripheral_cc2640r2lp_stack_library.lib : osal_snv_wrapper.obj (.text:disableCache$28)
                  0000d090    00000038                                                    : osal.obj (.text:osal_alien2proxy)
                  0000d0c8    00000038                                                    : osal.obj (.text:osal_msec_timer_cback$24)
                  0000d100    00000038                                                    : osal_timers.obj (.text:osal_stop_timerEx)
                  0000d138    00000038     rom_sysbios.aem3 : rom_sysbios.obj (.text:ti_sysbios_family_arm_cc26xx_Timer_getCurrentTick__E)
[...]
20002144  PowerCC26XX_swiKey                                                        
20002148  llConnEvtNotice                                                           
20002150  featureSetMask                                                            
20002160  rtosApiTblPtr                                                             
20002164  LSTORecoveryArr                                                           
20002168  llCombineState                                                            
2000216c  llCurrentMappedChan                                                       
20002170  connEvtCB                                                                 
20002178  ClockP_tickPeriod                                                         
2000217c  tasksEvents                                                               
20002180  trngCC26XXObjects                                                         
20002187  hciTaskID                                                                 
20002188  hciTestTaskID                                                             
20002189  hciGapTaskID                                                              
2000218a  hciL2capTaskID                                                            
2000218b  hciSmpTaskID                                                              
2000218d  driverlib_release_0_60062                                                 
2000218e  icall_liteTaskId                                                          
2000218f  heapStart                                                                 
20004000  __stack                                                                   
20004000  heapEnd                                                                   
20004400  __STACK_END                                                               
20004400  __STACK_TOP                                                               
200044f8  RAM_BASE_ADDR                                                             
20004504  ROM_FlashJT                                                               
20004558  gapPeripheralCBs                                                          
20004564  gapPeripheralConnCBs                                                      
20004568  rfMode                                                                    
20004584  smResponderCBs                                                            
2000459c  slaveConnHandle                                                           
2000459e  nextHandle                                                                
200045a0  l2capMtuSize                                                              
200045a2  gapAppTaskID                                                              
200045a3  gapAdvAppTaskID                                                           
200045a4  gapUnwantedTaskID                                                         
200045a5  reqTaskId                                                                 
200045a6  gattAppTaskID                                                             
200045a7  appTaskID                                                                 
200045a8  flowCtrlTaskId                                                            
200045a9  SM_appTaskID                                                              
200045ac  resolvingList                                                             
200046ec  scanDataEntry                                                             
200047cc  wlTable                                                                   
200048a8  wlTableScan                                                               
20004a20  advCmd                                                                    
20004a68  localEccKeys                                                              
20004aac  initDataEntry                                                             
20004ae4  advDataEntry                                                              
20004b1c  l2capFixedChannels                                                        
20004b4c  linkCBs                                                                   
20004b7c  eccParams                                                                 
20004bac  initParam                                                                 
20004bd0  scanParam                                                                 
20004bf4  advParam                                                                  
20004c14  cryptoPRAND                                                               
20004c34  txModemTestCmd                                                            
20004c50  gapParams                                                                 
20004c6c  initCmd                                                                   
20004c84  connReqData                                                               
20004c9c  scanCmd                                                                   
20004cb4  scanOutput                                                                
20004ccc  trxTestCmd                                                                
20004ce4  rxModemTestCmd                                                            
20004cfc  rsp                                                                       
20004d14  fwParDtmCmd                                                               
20004d2c  rfSetup                                                                   
20004d44  fwParRfCmd                                                                
20004d5c  connOutput                                                                
20004d70  rxTestParam                                                               
20004d84  initDataQueue                                                             
20004d94  scanDataQueue                                                             
20004da4  advDataQueue                                                              
20004db4  advOutput                                                                 
20004dc4  txTestParam                                                               
20004dd4  initOutput                                                                
20004de0  rxTestOut                                                                 
20004dec  deviceFeatureSet                                                          
20004df8  cachedTRNGdata                                                            
20004e04  gapCurrentRandomAddr                                                      
20004e0c  slaveUpdateReq                                                            
20004e14  pBleEvtMask                                                               
20004e1c  pHciEvtMask                                                               
20004e24  pHciEvtMask2                                                              
20004e2c  ownPublicAddr                                                             
20004e34  ownRandomAddr                                                             
20004e3c  ownSavedPublicAddr                                                        
20004e44  fwImmedCmd                                                                
20004e4c  attServerNotifyTxCB                                                       
20004e50  rfEvent                                                                   
20004e58  fwParCmd                                                                  
20004e60  verInfo                                                                   
20004e68  llConns                                                                   
20004e70  fwParamImmedCmd                                                           
20004e78  privInfo                                                                  
20004e80  linkCmd                                                                   
20004e84  linkParam                                                                 
20004e88  rxDataQ                                                                   
20004e8c  txDataQ                                                                   
20004e90  rxRingBuf                                                                 
20004e94  txTestOut                                                                 
20004e98  pGapDiscReq                                                               
20004e9c  pGapAdvertState                                                           
20004ea0  pEstLink                                                                  
20004ea4  pAuthLink                                                                 
20004ea8  pfnCentralConnCBs                                                         
20004eac  pfnPeripheralConnCBs                                                      
20004eb0  pGapAdvTokens                                                             
20004eb4  pGapAdData                                                                
20004eb8  pGapScanRspData                                                           
20004ebc  pfnPeripheralCBs                                                          
20004ec0  pfnCentralCBs                                                             
20004ec4  pfnBondMgrCBs                                                             
20004ec8  serverInfoTbl                                                             
20004ecc  pServiceList                                                              
20004ed0  pfnServerProcessMsgCB                                                     
20004ed4  pfnClientProcessMsgCB                                                     
20004ed8  prepareWritesTbl                                                          
20004edc  serviceCBsList                                                            
20004ee0  pAttrValue                                                                
20004ee4  l2capChannels                                                             
20004ee8  linkDB                                                                    
20004eec  rfHandle                                                                  
20004ef0  rfDrvTblPtr                                                               
20004ef4  eccDrvTblPtr                                                              
20004ef8  cryptoDrvTblPtr                                                           
20004efc  trngDrvTblPtr                                                             
20004f00  activeConns                                                               
20004f04  SysBootMsg                                                                
20004f08  sclkSrc                                                                   
20004f0c  buildInfo                                                                 
20004f10  advInfo                                                                   
20004f14  scanInfo                                                                  
20004f18  initInfo                                                                  
20004f1c  dtmInfo                                                                   
20004f20  taskEndAction                                                             
20004f24  encParams                                                                 
20004f28  encHandle                                                                 
20004f2c  encKey                                                                    
20004f30  pPairingParams                                                            
20004f34  pfnResponderCBs                                                           
20004f38  pfnInitiatorCBs                                                           
20004f3c  gapLimitedAdvertisingTimeout                                              
20004f3e  attrLen                                                                   
20004f40  numHostBufs                                                               
20004f42  rfCmdHandle                                                               
20004f44  connInitialMaxTxOctets                                                    
20004f46  connInitialMaxTxTime                                                      
20004f48  supportedMaxTxOctets                                                      
20004f4a  supportedMaxTxTime                                                        
20004f4c  supportedMaxRxOctets                                                      
20004f4e  supportedMaxRxTime                                                        
20004f50  taskEndStatus                                                             
20004f52  postRfOperations                                                          
20004f54  rfCfgAdiVal                                                               
20004f58  gapProfileRole                                                            
20004f59  gapDeviceAddrMode                                                         
20004f5a  gapState                                                                  
20004f5b  terminateAllTaskID                                                        
20004f5c  terminateReason                                                           
20004f5d  gapTaskID                                                                 
20004f5e  gattNumConns                                                              
20004f5f  gattTaskID                                                                
20004f60  GATTServApp_TaskID                                                        
20004f61  maxNumPrepareWrites                                                       
20004f62  hciPTMenabled                                                             
20004f63  ctrlToHostEnable                                                          
20004f64  l2capFlowCtrlMode                                                         
20004f65  l2capTaskID                                                               
20004f66  l2capNumChannels                                                          
20004f67  l2capNumDataPkts                                                          
20004f68  l2capId                                                                   
20004f69  linkDBNumConns                                                            
20004f6a  linkDB_secureConnectionOnlyMode                                           
20004f6b  maxPduSize                                                                
20004f6c  rfFeModeBias                                                              
20004f6d  maxNumTxDataBufs                                                          
20004f6e  LL_TaskID                                                                 
20004f6f  llState                                                                   
20004f70  rssiCorrection                                                            
20004f71  curTxPowerVal                                                             
20004f72  maxTxPwrForDTM                                                            
20004f73  onePktPerEvt                                                              
20004f74  numComplPkts                                                              
20004f75  numComplPktsLimit                                                         
20004f76  numComplPktsFlush                                                         
20004f77  fastTxRespTime                                                            
20004f78  slOverride                                                                
20004f79  rxFifoFlowCtrl                                                            
20004f7a  numTxDataBufs                                                             
20004f7b  maxNumConns                                                               
20004f7c  smTaskID                                                                  
20004f7d  SM_appExpectingKey                                                        
20004f80  ECC_DATA$$Base                                                            
20004f80  eccRom_param_Gx                                                           
20004f84  eccRom_param_Gy                                                           
20004f88  eccRom_workzone                                                           
20004f8c  eccRom_param_p                                                            
20004f90  eccRom_param_r                                                            
20004f94  eccRom_param_a                                                            
20004f98  eccRom_param_b                                                            
20004f9c  eccRom_windowSize                                                         
20004fa0  aux64                                                                     
20004fa8  MOD                                                                       
20004fac  LEN                                                                       
20004fb0  inScalar                                                                  
20004fb4  inPointX                                                                  
20004fb8  inPointY                                                                  
20004fbc  outPointX                                                                 
20004fc0  outPointY                                                                 
20004fc4  SCAL                                                                      
20004fc8  EXPX                                                                      
20004fcc  EXPY                                                                      
20004fd0  EXPZ                                                                      
20004fd4  EXPW                                                                      
20004fd8  ACCX                                                                      
20004fdc  ACCY                                                                      
20004fe0  ACCZ                                                                      
20004fe4  TMP1                                                                      
20004fe8  TMP2                                                                      
20004fec  TMP3                                                                      
20004ff0  TMP4                                                                      
20004ff4  TMP5                                                                      
20004ff8  TMP6                                                                      
20004ffc  MSBMOD                                                                    
20005000  ECC_DATA$$Limit                                                           
20005000  __UNUSED_SRAM_end__                                                       
e000e000  ti_sysbios_family_arm_m3_Hwi_nvic                                         
ffffffff  __TI_pprof_out_hndl                                                       
ffffffff  __TI_prof_data_size                                                       
ffffffff  __TI_prof_data_start                                                      
ffffffff  __binit__                                                                 
ffffffff  __c_args__                                                                
ffffffff  binit                                                                     
UNDEFED   SHT$$INIT_ARRAY$$Base                                                     
UNDEFED   SHT$$INIT_ARRAY$$Limit                                                    

[2304 symbols]
